ΓòÉΓòÉΓòÉΓòÉΓòÉΓòÉΓòÉΓòÉΓòÉΓòÉΓòÉΓòÉΓòÉΓòÉΓòÉΓòÉΓòÉΓòÉΓòÉΓòÉΓòÉΓòÉΓòÉΓòÉΓòÉΓòÉΓòÉΓòÉΓòÉΓòÉΓòÉΓòÉΓòÉΓòÉΓòÉΓòÉΓòÉΓòÉΓòÉΓòÉΓòÉΓòÉΓòÉΓòÉΓòÉΓòÉΓòÉΓòÉΓòÉΓòÉΓòÉΓòÉΓòÉΓòÉΓòÉ
≡ƒº¬ GROOMSTA BACKEND - COMPREHENSIVE TEST SUITE
   Testing Core & Fintech-like System Implementation
ΓòÉΓòÉΓòÉΓòÉΓòÉΓòÉΓòÉΓòÉΓòÉΓòÉΓòÉΓòÉΓòÉΓòÉΓòÉΓòÉΓòÉΓòÉΓòÉΓòÉΓòÉΓòÉΓòÉΓòÉΓòÉΓòÉΓòÉΓòÉΓòÉΓòÉΓòÉΓòÉΓòÉΓòÉΓòÉΓòÉΓòÉΓòÉΓòÉΓòÉΓòÉΓòÉΓòÉΓòÉΓòÉΓòÉΓòÉΓòÉΓòÉΓòÉΓòÉΓòÉΓòÉΓòÉΓòÉ

≡ƒôï Test 1: Health Check Endpoint
Γ¥î FAIL: Health endpoint accessible

≡ƒöÆ Test 2: Security Headers (Helmet)
Γ¥î FAIL: Security headers check

ΓÅ▒∩╕Å  Test 3: Rate Limiting (100 requests per 15 min)
Γ¥î FAIL: Rate limiting check

≡ƒîÉ Test 11: CORS Configuration
Γ¥î FAIL: CORS configuration

≡ƒöÉ Test 4: Authentication - Login (OTP Generation)
Γ¥î FAIL: Login endpoint

Γ¥î Test 6: Authentication - Invalid OTP Rejection
Γ¥î FAIL: Invalid OTP test (skipped)
   No phone available

Γ£ö∩╕Å  Test 5: Authentication - OTP Verification
Γ¥î FAIL: OTP Verification (skipped)
   Login failed

≡ƒöä Test 7: Token Refresh
Γ¥î FAIL: Token refresh (skipped)
   No refresh token available

≡ƒ¢í∩╕Å  Test 8: Input Validation
Γ¥î FAIL: Validation middleware

≡ƒÆ│ Test 9: Payment System - Create Order
Γ¥î FAIL: Payment order (skipped)
   No access token available

Γ£à Test 10: Payment Verification
Γ¥î FAIL: Payment verification (skipped)
   No order ID available

ΓÜá∩╕Å  Test 12: Global Error Handling
Γ¥î FAIL: Error handling

ΓòÉΓòÉΓòÉΓòÉΓòÉΓòÉΓòÉΓòÉΓòÉΓòÉΓòÉΓòÉΓòÉΓòÉΓòÉΓòÉΓòÉΓòÉΓòÉΓòÉΓòÉΓòÉΓòÉΓòÉΓòÉΓòÉΓòÉΓòÉΓòÉΓòÉΓòÉΓòÉΓòÉΓòÉΓòÉΓòÉΓòÉΓòÉΓòÉΓòÉΓòÉΓòÉΓòÉΓòÉΓòÉΓòÉΓòÉΓòÉΓòÉΓòÉΓòÉΓòÉΓòÉΓòÉΓòÉ
≡ƒôè TEST SUMMARY
ΓòÉΓòÉΓòÉΓòÉΓòÉΓòÉΓòÉΓòÉΓòÉΓòÉΓòÉΓòÉΓòÉΓòÉΓòÉΓòÉΓòÉΓòÉΓòÉΓòÉΓòÉΓòÉΓòÉΓòÉΓòÉΓòÉΓòÉΓòÉΓòÉΓòÉΓòÉΓòÉΓòÉΓòÉΓòÉΓòÉΓòÉΓòÉΓòÉΓòÉΓòÉΓòÉΓòÉΓòÉΓòÉΓòÉΓòÉΓòÉΓòÉΓòÉΓòÉΓòÉΓòÉΓòÉΓòÉ
Γ£à Passed: 0
Γ¥î Failed: 12
≡ƒôê Success Rate: 0.0%
ΓòÉΓòÉΓòÉΓòÉΓòÉΓòÉΓòÉΓòÉΓòÉΓòÉΓòÉΓòÉΓòÉΓòÉΓòÉΓòÉΓòÉΓòÉΓòÉΓòÉΓòÉΓòÉΓòÉΓòÉΓòÉΓòÉΓòÉΓòÉΓòÉΓòÉΓòÉΓòÉΓòÉΓòÉΓòÉΓòÉΓòÉΓòÉΓòÉΓòÉΓòÉΓòÉΓòÉΓòÉΓòÉΓòÉΓòÉΓòÉΓòÉΓòÉΓòÉΓòÉΓòÉΓòÉΓòÉ

≡ƒôï GITHUB ISSUE COMPLIANCE CHECK:
ΓòÉΓòÉΓòÉΓòÉΓòÉΓòÉΓòÉΓòÉΓòÉΓòÉΓòÉΓòÉΓòÉΓòÉΓòÉΓòÉΓòÉΓòÉΓòÉΓòÉΓòÉΓòÉΓòÉΓòÉΓòÉΓòÉΓòÉΓòÉΓòÉΓòÉΓòÉΓòÉΓòÉΓòÉΓòÉΓòÉΓòÉΓòÉΓòÉΓòÉΓòÉΓòÉΓòÉΓòÉΓòÉΓòÉΓòÉΓòÉΓòÉΓòÉΓòÉΓòÉΓòÉΓòÉΓòÉ
Γ£à Γ£ô Build core authentication system
Γ£à Γ£ô Integrate fintech-like payment gateways
Γ£à Γ£ô Design and implement robust security
ΓÜá∩╕Å  ΓÜá Implement monitoring and alerts
ΓÜá∩╕Å  ΓÜá Regular vulnerability assessments
Γ£à Γ£ô Document all systems
ΓòÉΓòÉΓòÉΓòÉΓòÉΓòÉΓòÉΓòÉΓòÉΓòÉΓòÉΓòÉΓòÉΓòÉΓòÉΓòÉΓòÉΓòÉΓòÉΓòÉΓòÉΓòÉΓòÉΓòÉΓòÉΓòÉΓòÉΓòÉΓòÉΓòÉΓòÉΓòÉΓòÉΓòÉΓòÉΓòÉΓòÉΓòÉΓòÉΓòÉΓòÉΓòÉΓòÉΓòÉΓòÉΓòÉΓòÉΓòÉΓòÉΓòÉΓòÉΓòÉΓòÉΓòÉΓòÉ
